proc01
i_par1: dhsd
io_par2: 1234
result: abcd
io_par2: hjfgeljaujfd
o_par3: dfgfhahfmkghjfvsbvfhjfgeljaujfd
proc02
io_par1: 99
i_par3: 1
result: -1
io_par1: 100
o_par2: 199
proc03
i_par2: 10.111
io_par3: 99.09
result: 3473.686
o_par1: 100.9998
io_par3: 13478.54754
proc04
i_par1: 232367.44
io_par2: 1234.99999
result: 33.4500007629395
io_par2: 33.9900016784668
o_par3: -1.87999999523163
Performance test doing a null block
Performance test doing 1000 number of calls doing nothing with results returned.
Performance test doing 1000 number of calls doing nothing without results returned.
Finished.
